
> les-ombres-du-son@0.0.1 build
> astro check && astro build

16:41:04 [types] Generated 60ms
16:41:04 [check] Getting diagnostics for Astro files in /home/eno/Les Ombres du Son/ombres-du-son-web...
[96mserver.js[0m:[93m13[0m:[93m15[0m - [93mwarning[0m[90m ts(6133): [0m'req' is declared but its value is never read.

[7m13[0m app.get('*', (req, res) => {
[7m  [0m [93m              ~~~[0m

[96msrc/components/scroll-experience/Section6_Technology.tsx[0m:[93m61[0m:[93m45[0m - [93mwarning[0m[90m ts(6133): [0m'index' is declared but its value is never read.

[7m61[0m             itemsRef.current.forEach((item, index) => {
[7m  [0m [93m                                            ~~~~~[0m

[96msrc/pages/mentions-legales.astro[0m:[93m2[0m:[93m20[0m - [91merror[0m[90m ts(2307): [0mCannot find module '../layouts/Layout.astro' or its corresponding type declarations.

[7m2[0m import Layout from '../layouts/Layout.astro';
[7m [0m [91m                   ~~~~~~~~~~~~~~~~~~~~~~~~~[0m

[96msrc/pages/politique-confidentialite.astro[0m:[93m2[0m:[93m20[0m - [91merror[0m[90m ts(2307): [0mCannot find module '../layouts/Layout.astro' or its corresponding type declarations.

[7m2[0m import Layout from '../layouts/Layout.astro';
[7m [0m [91m                   ~~~~~~~~~~~~~~~~~~~~~~~~~[0m

[96msrc/pages/quiz-pre-installation.astro[0m:[93m2[0m:[93m20[0m - [91merror[0m[90m ts(2307): [0mCannot find module '../layouts/Layout.astro' or its corresponding type declarations.

[7m2[0m import Layout from '../layouts/Layout.astro';
[7m [0m [91m                   ~~~~~~~~~~~~~~~~~~~~~~~~~[0m
[96msrc/pages/quiz-pre-installation.astro[0m:[93m304[0m:[93m3[0m - [91merror[0m[90m ts(18047): [0m'prevBtn' is possibly 'null'.

[7m304[0m   prevBtn.addEventListener('click', prevQuestion);
[7m   [0m [91m  ~~~~~~~[0m
[96msrc/pages/quiz-pre-installation.astro[0m:[93m303[0m:[93m3[0m - [91merror[0m[90m ts(18047): [0m'nextBtn' is possibly 'null'.

[7m303[0m   nextBtn.addEventListener('click', nextQuestion);
[7m   [0m [91m  ~~~~~~~[0m
[96msrc/pages/quiz-pre-installation.astro[0m:[93m286[0m:[93m16[0m - [91merror[0m[90m ts(7005): [0mVariable 'userAnswers' implicitly has an 'any[]' type.

[7m286[0m       answers: userAnswers,
[7m   [0m [91m               ~~~~~~~~~~~[0m
[96msrc/pages/quiz-pre-installation.astro[0m:[93m282[0m:[93m5[0m - [91merror[0m[90m ts(18047): [0m'resultsScreen' is possibly 'null'.

[7m282[0m     resultsScreen.classList.remove('hidden');
[7m   [0m [91m    ~~~~~~~~~~~~~[0m
[96msrc/pages/quiz-pre-installation.astro[0m:[93m281[0m:[93m5[0m - [91merror[0m[90m ts(18047): [0m'quizContainer' is possibly 'null'.

[7m281[0m     quizContainer.classList.add('hidden');
[7m   [0m [91m    ~~~~~~~~~~~~~[0m
[96msrc/pages/quiz-pre-installation.astro[0m:[93m278[0m:[93m5[0m - [91merror[0m[90m ts(18047): [0m'scoreSpan' is possibly 'null'.

[7m278[0m     scoreSpan.textContent = score;
[7m   [0m [91m    ~~~~~~~~~[0m
[96msrc/pages/quiz-pre-installation.astro[0m:[93m272[0m:[93m11[0m - [91merror[0m[90m ts(7005): [0mVariable 'userAnswers' implicitly has an 'any[]' type.

[7m272[0m       if (userAnswers[index] === question.correctAnswer) {
[7m   [0m [91m          ~~~~~~~~~~~[0m
[96msrc/pages/quiz-pre-installation.astro[0m:[93m262[0m:[93m24[0m - [91merror[0m[90m ts(7005): [0mVariable 'userAnswers' implicitly has an 'any[]' type.

[7m262[0m       selectedChoice = userAnswers[currentQuestionIndex] ?? null;
[7m   [0m [91m                       ~~~~~~~~~~~[0m
[96msrc/pages/quiz-pre-installation.astro[0m:[93m251[0m:[93m24[0m - [91merror[0m[90m ts(7005): [0mVariable 'userAnswers' implicitly has an 'any[]' type.

[7m251[0m       selectedChoice = userAnswers[currentQuestionIndex] ?? null;
[7m   [0m [91m                       ~~~~~~~~~~~[0m
[96msrc/pages/quiz-pre-installation.astro[0m:[93m243[0m:[93m7[0m - [91merror[0m[90m ts(18047): [0m'nextBtn' is possibly 'null'.

[7m243[0m       nextBtn.textContent = 'Suivant →';
[7m   [0m [91m      ~~~~~~~[0m
[96msrc/pages/quiz-pre-installation.astro[0m:[93m241[0m:[93m7[0m - [91merror[0m[90m ts(18047): [0m'nextBtn' is possibly 'null'.

[7m241[0m       nextBtn.textContent = 'Terminer';
[7m   [0m [91m      ~~~~~~~[0m
[96msrc/pages/quiz-pre-installation.astro[0m:[93m238[0m:[93m51[0m - [91merror[0m[90m ts(7005): [0mVariable 'userAnswers' implicitly has an 'any[]' type.

[7m238[0m     nextBtn.disabled = selectedChoice === null && userAnswers[currentQuestionIndex] === undefined;
[7m   [0m [91m                                                  ~~~~~~~~~~~[0m
[96msrc/pages/quiz-pre-installation.astro[0m:[93m238[0m:[93m24[0m - [91merror[0m[90m ts(7005): [0mVariable 'selectedChoice' implicitly has an 'any' type.

[7m238[0m     nextBtn.disabled = selectedChoice === null && userAnswers[currentQuestionIndex] === undefined;
[7m   [0m [91m                       ~~~~~~~~~~~~~~[0m
[96msrc/pages/quiz-pre-installation.astro[0m:[93m238[0m:[93m13[0m - [91merror[0m[90m ts(2339): [0mProperty 'disabled' does not exist on type 'HTMLElement'.

[7m238[0m     nextBtn.disabled = selectedChoice === null && userAnswers[currentQuestionIndex] === undefined;
[7m   [0m [91m            ~~~~~~~~[0m
[96msrc/pages/quiz-pre-installation.astro[0m:[93m238[0m:[93m5[0m - [91merror[0m[90m ts(18047): [0m'nextBtn' is possibly 'null'.

[7m238[0m     nextBtn.disabled = selectedChoice === null && userAnswers[currentQuestionIndex] === undefined;
[7m   [0m [91m    ~~~~~~~[0m
[96msrc/pages/quiz-pre-installation.astro[0m:[93m237[0m:[93m13[0m - [91merror[0m[90m ts(2339): [0mProperty 'disabled' does not exist on type 'HTMLElement'.

[7m237[0m     prevBtn.disabled = currentQuestionIndex === 0;
[7m   [0m [91m            ~~~~~~~~[0m
[96msrc/pages/quiz-pre-installation.astro[0m:[93m237[0m:[93m5[0m - [91merror[0m[90m ts(18047): [0m'prevBtn' is possibly 'null'.

[7m237[0m     prevBtn.disabled = currentQuestionIndex === 0;
[7m   [0m [91m    ~~~~~~~[0m
[96msrc/pages/quiz-pre-installation.astro[0m:[93m232[0m:[93m5[0m - [91merror[0m[90m ts(2322): [0mType 'number' is not assignable to type 'string'.

[7m232[0m     currentQuestionSpan.textContent = currentQuestionIndex + 1;
[7m   [0m [91m    ~~~~~~~~~~~~~~~~~~~~~~~~~~~~~~~[0m
[96msrc/pages/quiz-pre-installation.astro[0m:[93m232[0m:[93m5[0m - [91merror[0m[90m ts(18047): [0m'currentQuestionSpan' is possibly 'null'.

[7m232[0m     currentQuestionSpan.textContent = currentQuestionIndex + 1;
[7m   [0m [91m    ~~~~~~~~~~~~~~~~~~~[0m
[96msrc/pages/quiz-pre-installation.astro[0m:[93m231[0m:[93m5[0m - [91merror[0m[90m ts(2322): [0mType 'number' is not assignable to type 'string'.

[7m231[0m     progressPercent.textContent = Math.round(progress);
[7m   [0m [91m    ~~~~~~~~~~~~~~~~~~~~~~~~~~~[0m
[96msrc/pages/quiz-pre-installation.astro[0m:[93m231[0m:[93m5[0m - [91merror[0m[90m ts(18047): [0m'progressPercent' is possibly 'null'.

[7m231[0m     progressPercent.textContent = Math.round(progress);
[7m   [0m [91m    ~~~~~~~~~~~~~~~[0m
[96msrc/pages/quiz-pre-installation.astro[0m:[93m230[0m:[93m5[0m - [91merror[0m[90m ts(18047): [0m'progressBar' is possibly 'null'.

[7m230[0m     progressBar.style.width = `${progress}%`;
[7m   [0m [91m    ~~~~~~~~~~~[0m
[96msrc/pages/quiz-pre-installation.astro[0m:[93m224[0m:[93m13[0m - [91merror[0m[90m ts(2339): [0mProperty 'disabled' does not exist on type 'HTMLElement'.

[7m224[0m     nextBtn.disabled = false;
[7m   [0m [91m            ~~~~~~~~[0m
[96msrc/pages/quiz-pre-installation.astro[0m:[93m224[0m:[93m5[0m - [91merror[0m[90m ts(18047): [0m'nextBtn' is possibly 'null'.

[7m224[0m     nextBtn.disabled = false;
[7m   [0m [91m    ~~~~~~~[0m
[96msrc/pages/quiz-pre-installation.astro[0m:[93m215[0m:[93m24[0m - [91merror[0m[90m ts(18047): [0m'choicesContainer' is possibly 'null'.

[7m215[0m     const allButtons = choicesContainer.querySelectorAll('button');
[7m   [0m [91m                       ~~~~~~~~~~~~~~~~[0m
[96msrc/pages/quiz-pre-installation.astro[0m:[93m210[0m:[93m32[0m - [91merror[0m[90m ts(7006): [0mParameter 'button' implicitly has an 'any' type.

[7m210[0m   function selectChoice(index, button) {
[7m   [0m [91m                               ~~~~~~[0m
[96msrc/pages/quiz-pre-installation.astro[0m:[93m210[0m:[93m25[0m - [91merror[0m[90m ts(7006): [0mParameter 'index' implicitly has an 'any' type.

[7m210[0m   function selectChoice(index, button) {
[7m   [0m [91m                        ~~~~~[0m
[96msrc/pages/quiz-pre-installation.astro[0m:[93m199[0m:[93m7[0m - [91merror[0m[90m ts(18047): [0m'choicesContainer' is possibly 'null'.

[7m199[0m       choicesContainer.appendChild(button);
[7m   [0m [91m      ~~~~~~~~~~~~~~~~[0m
[96msrc/pages/quiz-pre-installation.astro[0m:[93m193[0m:[93m11[0m - [91merror[0m[90m ts(7005): [0mVariable 'userAnswers' implicitly has an 'any[]' type.

[7m193[0m       if (userAnswers[currentQuestionIndex] === index) {
[7m   [0m [91m          ~~~~~~~~~~~[0m
[96msrc/pages/quiz-pre-installation.astro[0m:[93m182[0m:[93m5[0m - [91merror[0m[90m ts(18047): [0m'choicesContainer' is possibly 'null'.

[7m182[0m     choicesContainer.innerHTML = '';
[7m   [0m [91m    ~~~~~~~~~~~~~~~~[0m
[96msrc/pages/quiz-pre-installation.astro[0m:[93m179[0m:[93m5[0m - [91merror[0m[90m ts(18047): [0m'questionText' is possibly 'null'.

[7m179[0m     questionText.textContent = question.question;
[7m   [0m [91m    ~~~~~~~~~~~~[0m
[96msrc/pages/quiz-pre-installation.astro[0m:[93m156[0m:[93m7[0m - [91merror[0m[90m ts(7034): [0mVariable 'selectedChoice' implicitly has type 'any' in some locations where its type cannot be determined.

[7m156[0m   let selectedChoice = null;
[7m   [0m [91m      ~~~~~~~~~~~~~~[0m
[96msrc/pages/quiz-pre-installation.astro[0m:[93m155[0m:[93m7[0m - [91merror[0m[90m ts(7034): [0mVariable 'userAnswers' implicitly has type 'any[]' in some locations where its type cannot be determined.

[7m155[0m   let userAnswers = [];
[7m   [0m [91m      ~~~~~~~~~~~[0m
[96msrc/pages/quiz-pre-installation.astro[0m:[93m159[0m:[93m9[0m - [93mwarning[0m[90m ts(6133): [0m'questionCard' is declared but its value is never read.

[7m159[0m   const questionCard = document.getElementById('question-card');
[7m   [0m [93m        ~~~~~~~~~~~~[0m

Result (23 files): 
- 36 errors
- 0 warnings
- 3 hints

